08:47:45 mk3 QUEUE #2 calcium (repeat): 768 runs (12288 L), A molten.magnesium 98304, B oxygen 98304, projected level 5326848
08:54:25 mk3 FED calcium (12288 L expected), 6 s
08:57:03 mk3 DONE calcium: made 12288 of 12288 L, 14 s
08:57:03 mk3 QUEUE #2 calcium (repeat): 768 runs (12288 L), A molten.magnesium 98304, B oxygen 98304, projected level 5339136
09:03:25 mk3 FED calcium (12288 L expected), 5 s
09:04:51 mk3 DONE calcium: made 12288 of 12288 L, 14 s
09:04:51 mk3 QUEUE #2 calcium (repeat): 768 runs (12288 L), A molten.magnesium 98304, B oxygen 98304, projected level 5351424
09:11:20 mk3 FED calcium (12288 L expected), 5 s
09:11:31 mk3 DONE calcium: made 12288 of 12288 L, 12 s
09:11:31 mk3 QUEUE #2 calcium (repeat): 768 runs (12288 L), A molten.magnesium 98304, B oxygen 98304, projected level 5363712
09:17:38 mk3 FED calcium (12288 L expected), 5 s
09:19:15 mk3 DONE calcium: made 12288 of 12288 L, 12 s
09:19:15 mk3 QUEUE #2 calcium (repeat): 768 runs (12288 L), A molten.magnesium 98304, B oxygen 98304, projected level 5376000
09:25:37 mk3 FED calcium (12288 L expected), 5 s
09:27:03 mk3 DONE calcium: made 12288 of 12288 L, 13 s
09:27:03 mk3 QUEUE #2 calcium (repeat): 768 runs (12288 L), A molten.magnesium 98304, B oxygen 98304, projected level 5388288
09:33:14 mk3 FED calcium (12288 L expected), 5 s
09:34:44 mk3 DONE calcium: made 12288 of 12288 L, 13 s
09:34:44 mk3 QUEUE #2 calcium (repeat): 768 runs (12288 L), A molten.magnesium 98304, B oxygen 98304, projected level 5400576
09:41:20 mk3 FED calcium (12288 L expected), 5 s
09:42:50 mk3 DONE calcium: made 12288 of 12288 L, 13 s
09:42:50 mk3 QUEUE #2 calcium (repeat): 768 runs (12288 L), A molten.magnesium 98304, B oxygen 98304, projected level 5412864
09:49:26 mk3 FED calcium (12288 L expected), 5 s
09:50:56 mk3 DONE calcium: made 12288 of 12288 L, 13 s
09:50:56 mk3 QUEUE #2 calcium (repeat): 768 runs (12288 L), A molten.magnesium 98304, B oxygen 98304, projected level 5425152
09:57:32 mk3 FED calcium (12288 L expected), 5 s
09:57:50 mk3 DONE calcium: made 12288 of 12288 L, 12 s
09:57:50 mk3 QUEUE #2 calcium (repeat): 768 runs (12288 L), A molten.magnesium 98304, B oxygen 98304, projected level 5437440
10:04:26 mk3 FED calcium (12288 L expected), 5 s
10:08:27 mk3 DONE calcium: made 12288 of 12288 L, 14 s
10:08:27 mk3 QUEUE #2 calcium (repeat): 768 runs (12288 L), A molten.magnesium 98304, B oxygen 98304, projected level 5449728
10:14:49 mk3 FED calcium (12288 L expected), 5 s
10:16:19 mk3 DONE calcium: made 12288 of 12288 L, 15 s
10:16:19 mk3 QUEUE #2 calcium (repeat): 768 runs (12288 L), A molten.magnesium 98304, B oxygen 98304, projected level 5462016
10:22:37 mk3 FED calcium (12288 L expected), 5 s
10:24:07 mk3 DONE calcium: made 12288 of 12288 L, 13 s
10:24:07 mk3 QUEUE #2 calcium (repeat): 768 runs (12288 L), A molten.magnesium 98304, B oxygen 98304, projected level 5474304
10:30:25 mk3 FED calcium (12288 L expected), 5 s
10:31:55 mk3 DONE calcium: made 12288 of 12288 L, 13 s
10:31:55 mk3 QUEUE #2 calcium (repeat): 768 runs (12288 L), A molten.magnesium 98304, B oxygen 98304, projected level 5486592
10:36:00 mk2 nothing to queue: no plasma with both inputs reserved
10:38:13 mk3 FED calcium (12288 L expected), 5 s
10:39:43 mk3 DONE calcium: made 12288 of 12288 L, 13 s
10:39:43 mk3 QUEUE #2 calcium (repeat): 768 runs (12288 L), A molten.magnesium 98304, B oxygen 98304, projected level 5498880
10:46:01 mk3 FED calcium (12288 L expected), 5 s
10:47:31 mk3 DONE calcium: made 12288 of 12288 L, 13 s
10:47:31 mk3 QUEUE #2 calcium (repeat): 768 runs (12288 L), A molten.magnesium 98304, B oxygen 98304, projected level 5511168
10:53:49 mk3 FED calcium (12288 L expected), 5 s
10:54:10 mk3 DONE calcium: made 12288 of 12288 L, 12 s
10:54:10 mk3 QUEUE #2 calcium (repeat): 768 runs (12288 L), A molten.magnesium 98304, B oxygen 98304, projected level 5523456
11:00:50 mk3 FED calcium (12288 L expected), 6 s
11:02:13 mk3 DONE calcium: made 12288 of 12288 L, 12 s
11:02:13 mk3 QUEUE #2 calcium (repeat): 768 runs (12288 L), A molten.magnesium 98304, B oxygen 98304, projected level 5535744
11:08:31 mk3 FED calcium (12288 L expected), 5 s
11:10:01 mk3 DONE calcium: made 12288 of 12288 L, 13 s
11:10:01 mk3 QUEUE #2 calcium (repeat): 768 runs (12288 L), A molten.magnesium 98304, B oxygen 98304, projected level 5548032
11:16:19 mk3 FED calcium (12288 L expected), 5 s
11:17:49 mk3 DONE calcium: made 12288 of 12288 L, 13 s
11:17:49 mk3 QUEUE #2 calcium (repeat): 768 runs (12288 L), A molten.magnesium 98304, B oxygen 98304, projected level 5560320
11:24:07 mk3 FED calcium (12288 L expected), 5 s
11:25:37 mk3 DONE calcium: made 12288 of 12288 L, 13 s
11:25:37 mk3 QUEUE #2 calcium (repeat): 768 runs (12288 L), A molten.magnesium 98304, B oxygen 98304, projected level 5572608
11:31:55 mk3 FED calcium (12288 L expected), 5 s
11:33:25 mk3 DONE calcium: made 12288 of 12288 L, 13 s
11:33:25 mk3 QUEUE #2 calcium (repeat): 768 runs (12288 L), A molten.magnesium 98304, B oxygen 98304, projected level 5584896
11:39:43 mk3 FED calcium (12288 L expected), 5 s
11:41:13 mk3 DONE calcium: made 12288 of 12288 L, 13 s
11:41:13 mk3 QUEUE #2 calcium (repeat): 768 runs (12288 L), A molten.magnesium 98304, B oxygen 98304, projected level 5597184
11:47:31 mk3 FED calcium (12288 L expected), 5 s
11:49:01 mk3 DONE calcium: made 12288 of 12288 L, 13 s
11:49:01 mk3 QUEUE #2 calcium (repeat): 768 runs (12288 L), A molten.magnesium 98304, B oxygen 98304, projected level 5609472
11:55:19 mk3 FED calcium (12288 L expected), 5 s
11:56:49 mk3 DONE calcium: made 12288 of 12288 L, 13 s
11:56:49 mk3 QUEUE #2 calcium (repeat): 768 runs (12288 L), A molten.magnesium 98304, B oxygen 98304, projected level 5621760
12:03:07 mk3 FED calcium (12288 L expected), 5 s
12:03:25 mk3 DONE calcium: made 12288 of 12288 L, 12 s
12:03:25 mk3 QUEUE #2 calcium (repeat): 768 runs (12288 L), A molten.magnesium 98304, B oxygen 98304, projected level 5634048
12:09:43 mk3 FED calcium (12288 L expected), 5 s
12:11:13 mk3 DONE calcium: made 12288 of 12288 L, 12 s
12:11:13 mk3 QUEUE #2 calcium (repeat): 768 runs (12288 L), A molten.magnesium 98304, B oxygen 98304, projected level 5646336
12:17:20 mk3 FED calcium (12288 L expected), 5 s
12:18:57 mk3 DONE calcium: made 12288 of 12288 L, 13 s
12:18:57 mk3 QUEUE #2 calcium (repeat): 768 runs (12288 L), A molten.magnesium 98304, B oxygen 98304, projected level 5658624
12:25:19 mk3 FED calcium (12288 L expected), 5 s
12:26:45 mk3 DONE calcium: made 12288 of 12288 L, 13 s
12:26:45 mk3 QUEUE #2 calcium (repeat): 768 runs (12288 L), A molten.magnesium 98304, B oxygen 98304, projected level 5670912
12:32:56 mk3 FED calcium (12288 L expected), 5 s
12:34:26 mk3 DONE calcium: made 12288 of 12288 L, 13 s
12:34:26 mk3 QUEUE #2 calcium (repeat): 768 runs (12288 L), A molten.magnesium 98304, B oxygen 98304, projected level 5683200
12:41:02 mk3 FED calcium (12288 L expected), 5 s
12:42:32 mk3 DONE calcium: made 12288 of 12288 L, 13 s
12:42:32 mk3 QUEUE #2 calcium (repeat): 768 runs (12288 L), A molten.magnesium 98304, B oxygen 98304, projected level 5695488
12:49:08 mk3 FED calcium (12288 L expected), 5 s
12:49:26 mk3 DONE calcium: made 12288 of 12288 L, 12 s
12:49:26 mk3 QUEUE #2 calcium (repeat): 768 runs (12288 L), A molten.magnesium 98304, B oxygen 98304, projected level 5707776
12:56:13 mk3 FED calcium (12288 L expected), 6 s
12:57:39 mk3 DONE calcium: made 12288 of 12288 L, 12 s
12:57:39 mk3 QUEUE #2 calcium (repeat): 768 runs (12288 L), A molten.magnesium 98304, B oxygen 98304, projected level 5720064
13:03:50 mk3 FED calcium (12288 L expected), 5 s
13:05:20 mk3 DONE calcium: made 12288 of 12288 L, 13 s
13:05:20 mk3 QUEUE #2 calcium (repeat): 768 runs (12288 L), A molten.magnesium 98304, B oxygen 98304, projected level 5732352
13:11:56 mk3 FED calcium (12288 L expected), 5 s
13:12:14 mk3 DONE calcium: made 12288 of 12288 L, 12 s
13:12:14 mk3 QUEUE #2 calcium (repeat): 768 runs (12288 L), A molten.magnesium 98304, B oxygen 98304, projected level 5744640
13:19:01 mk3 FED calcium (12288 L expected), 6 s
13:20:27 mk3 DONE calcium: made 12288 of 12288 L, 12 s
13:20:27 mk3 QUEUE #2 calcium (repeat): 768 runs (12288 L), A molten.magnesium 98304, B oxygen 98304, projected level 5756928
13:26:38 mk3 FED calcium (12288 L expected), 5 s
13:28:08 mk3 DONE calcium: made 12288 of 12288 L, 13 s
13:28:08 mk3 QUEUE #2 calcium (repeat): 768 runs (12288 L), A molten.magnesium 98304, B oxygen 98304, projected level 5769216
13:34:44 mk3 FED calcium (12288 L expected), 5 s
13:36:18 mk3 DONE calcium: made 12288 of 12288 L, 13 s
13:36:18 mk3 QUEUE #2 calcium (repeat): 768 runs (12288 L), A molten.magnesium 98304, B oxygen 98304, projected level 5781504
13:42:50 mk3 FED calcium (12288 L expected), 5 s
13:43:08 mk3 DONE calcium: made 12288 of 12288 L, 12 s
13:43:08 mk3 QUEUE #2 calcium (repeat): 768 runs (12288 L), A molten.magnesium 98304, B oxygen 98304, projected level 5793792
13:49:55 mk3 FED calcium (12288 L expected), 6 s
13:51:21 mk3 DONE calcium: made 12288 of 12288 L, 12 s
13:51:21 mk3 QUEUE #2 calcium (repeat): 768 runs (12288 L), A molten.magnesium 98304, B oxygen 98304, projected level 5806080
13:57:32 mk3 FED calcium (12288 L expected), 5 s
13:59:02 mk3 DONE calcium: made 12288 of 12288 L, 13 s
13:59:02 mk3 QUEUE #2 calcium (repeat): 768 runs (12288 L), A molten.magnesium 98304, B oxygen 98304, projected level 5818368
14:05:38 mk3 FED calcium (12288 L expected), 5 s
14:07:08 mk3 DONE calcium: made 12288 of 12288 L, 13 s
14:07:08 mk3 QUEUE #2 calcium (repeat): 768 runs (12288 L), A molten.magnesium 98304, B oxygen 98304, projected level 5830656
14:13:44 mk3 FED calcium (12288 L expected), 5 s
14:14:02 mk3 DONE calcium: made 12288 of 12288 L, 12 s
14:14:02 mk3 QUEUE #2 calcium (repeat): 768 runs (12288 L), A molten.magnesium 98304, B oxygen 98304, projected level 5842944
14:20:49 mk3 FED calcium (12288 L expected), 6 s
14:22:15 mk3 DONE calcium: made 12288 of 12288 L, 12 s
14:22:15 mk3 QUEUE #2 calcium (repeat): 768 runs (12288 L), A molten.magnesium 98304, B oxygen 98304, projected level 5855232
14:28:26 mk3 FED calcium (12288 L expected), 5 s
14:29:56 mk3 DONE calcium: made 12288 of 12288 L, 13 s
14:29:56 mk3 QUEUE #2 calcium (repeat): 768 runs (12288 L), A molten.magnesium 98304, B oxygen 98304, projected level 5867520
14:36:32 mk3 FED calcium (12288 L expected), 5 s
14:38:02 mk3 DONE calcium: made 12288 of 12288 L, 13 s
14:38:02 mk3 QUEUE #2 calcium (repeat): 768 runs (12288 L), A molten.magnesium 98304, B oxygen 98304, projected level 5879808
14:44:38 mk3 FED calcium (12288 L expected), 5 s
14:44:56 mk3 DONE calcium: made 12288 of 12288 L, 12 s
14:44:56 mk3 QUEUE #2 calcium (repeat): 768 runs (12288 L), A molten.magnesium 98304, B oxygen 98304, projected level 5892096
14:51:43 mk3 FED calcium (12288 L expected), 6 s
14:53:09 mk3 DONE calcium: made 12288 of 12288 L, 12 s
14:53:09 mk3 QUEUE #2 calcium (repeat): 768 runs (12288 L), A molten.magnesium 98304, B oxygen 98304, projected level 5904384
14:59:20 mk3 FED calcium (12288 L expected), 5 s
15:00:50 mk3 DONE calcium: made 12288 of 12288 L, 13 s
15:00:50 mk3 QUEUE #2 calcium (repeat): 768 runs (12288 L), A molten.magnesium 98304, B oxygen 98304, projected level 5916672
15:07:26 mk3 FED calcium (12288 L expected), 5 s
15:08:56 mk3 DONE calcium: made 12288 of 12288 L, 13 s
15:08:56 mk3 QUEUE #2 calcium (repeat): 768 runs (12288 L), A molten.magnesium 98304, B oxygen 98304, projected level 5928960
15:15:32 mk3 FED calcium (12288 L expected), 5 s
15:15:50 mk3 DONE calcium: made 12288 of 12288 L, 12 s
15:15:50 mk3 QUEUE #2 calcium (repeat): 768 runs (12288 L), A molten.magnesium 98304, B oxygen 98304, projected level 5941248
15:17:13 mk2 QUEUE #1 tin (switch): 3264 runs (470016 L), A molten.silver 470016, B helium-3 1224000, projected level 10832544
15:18:10 mk2 SWITCH to tin: previous done, EU full (320M)
15:24:43 mk3 DONE calcium: made 12288 of 12288 L, 13 s
15:25:48 mk3 FED calcium (12288 L expected), 8 s
15:26:02 mk3 QUEUE #2 calcium (repeat): 768 runs (12288 L), A molten.magnesium 98304, B oxygen 98304, projected level 5953536
15:30:57 mk2 EU SPIKE -194M (now 125M of 320M) during tin [start from idle (gap): expected]
15:38:09 mk3 DONE calcium: made 12288 of 12288 L, 18 s
15:39:07 mk3 FED calcium (12288 L expected), 11 s
15:39:21 mk3 QUEUE #2 calcium (repeat): 768 runs (12288 L), A molten.magnesium 98304, B oxygen 98304, projected level 5965824
15:45:03 mk2 FED tin (470016 L expected), 23 s
15:45:21 mk2 QUEUE #2 tin (repeat): 256 runs (36864 L), A molten.silver 36864, B helium-3 96000, projected level 11302560
15:47:16 mk3 DONE calcium: made 12288 of 12288 L, 18 s
15:49:08 mk3 FED calcium (12288 L expected), 8 s
15:50:06 mk3 QUEUE #2 calcium (repeat): 768 runs (12288 L), A molten.magnesium 98304, B oxygen 98304, projected level 5978112
15:55:33 mk2 DONE tin: made 470016 of 470016 L, 32 s
15:56:27 mk2 FED tin (36864 L expected), 9 s
15:56:38 mk3 DONE calcium: made 12288 of 12288 L, 14 s
15:56:45 mk2 QUEUE #2 tin (repeat): 256 runs (36864 L), A molten.silver 36864, B helium-3 96000, projected level 11339424
15:58:51 mk2 DONE tin: made 36864 of 36864 L, 11 s
16:00:36 mk3 FED calcium (12288 L expected), 9 s
16:01:30 mk3 QUEUE #2 calcium (repeat): 768 runs (12288 L), A molten.magnesium 98304, B oxygen 98304, projected level 5990400
16:07:37 mk2 FED tin (36864 L expected), 9 s
16:08:45 mk3 DONE calcium: made 12288 of 12288 L, 15 s
16:08:52 mk2 DONE tin: made 36864 of 36864 L, 10 s
16:08:52 mk2 QUEUE #1 tin (switch): 3264 runs (470016 L), A molten.silver 470016, B helium-3 1224000, projected level 11569824
16:09:07 mk2 SWITCH to tin: previous done, EU full (316M)
16:10:26 mk3 FED calcium (12288 L expected), 7 s
16:11:13 mk3 QUEUE #2 calcium (repeat): 768 runs (12288 L), A molten.magnesium 98304, B oxygen 98304, projected level 6002688
16:21:03 mk3 DONE calcium: made 12288 of 12288 L, 16 s
16:22:01 mk3 FED calcium (12288 L expected), 9 s
16:22:15 mk3 QUEUE #2 calcium (repeat): 768 runs (12288 L), A molten.magnesium 98304, B oxygen 98304, projected level 6014976
16:29:34 mk3 DONE calcium: made 12288 of 12288 L, 15 s
16:33:14 mk3 FED calcium (12288 L expected), 9 s
16:35:13 mk3 QUEUE #2 calcium (repeat): 768 runs (12288 L), A molten.magnesium 98304, B oxygen 98304, projected level 6027264
16:37:44 mk2 FED tin (470016 L expected), 24 s
16:38:02 mk2 DONE tin: made 470016 of 470016 L, 24 s
16:42:07 mk3 FED calcium (12288 L expected), 6 s
16:44:49 mk3 DONE calcium: made 12288 of 12288 L, 19 s
16:44:49 mk3 QUEUE #2 calcium (repeat): 768 runs (12288 L), A molten.magnesium 98304, B oxygen 98304, projected level 6039552
16:51:14 mk3 FED calcium (12288 L expected), 5 s
16:52:37 mk3 DONE calcium: made 12288 of 12288 L, 14 s
16:52:37 mk3 QUEUE #2 calcium (repeat): 768 runs (12288 L), A molten.magnesium 98304, B oxygen 98304, projected level 6051840
16:58:55 mk3 FED calcium (12288 L expected), 5 s
17:00:25 mk3 DONE calcium: made 12288 of 12288 L, 13 s
17:00:25 mk3 QUEUE #2 calcium (repeat): 768 runs (12288 L), A molten.magnesium 98304, B oxygen 98304, projected level 6064128
17:06:43 mk3 FED calcium (12288 L expected), 5 s
17:08:13 mk3 DONE calcium: made 12288 of 12288 L, 13 s
17:08:13 mk3 QUEUE #2 calcium (repeat): 768 runs (12288 L), A molten.magnesium 98304, B oxygen 98304, projected level 6076416
17:14:31 mk3 FED calcium (12288 L expected), 5 s
17:16:01 mk3 DONE calcium: made 12288 of 12288 L, 13 s
17:16:01 mk3 QUEUE #2 calcium (repeat): 768 runs (12288 L), A molten.magnesium 98304, B oxygen 98304, projected level 6088704
17:22:19 mk3 FED calcium (12288 L expected), 5 s
17:22:37 mk3 DONE calcium: made 12288 of 12288 L, 12 s
17:22:37 mk3 QUEUE #2 calcium (repeat): 768 runs (12288 L), A molten.magnesium 98304, B oxygen 98304, projected level 6100992
17:28:55 mk3 FED calcium (12288 L expected), 5 s
17:30:25 mk3 DONE calcium: made 12288 of 12288 L, 12 s
17:30:25 mk3 QUEUE #2 calcium (repeat): 768 runs (12288 L), A molten.magnesium 98304, B oxygen 98304, projected level 6113280
17:36:32 mk3 FED calcium (12288 L expected), 5 s
17:38:09 mk3 DONE calcium: made 12288 of 12288 L, 13 s
17:38:09 mk3 QUEUE #2 calcium (repeat): 768 runs (12288 L), A molten.magnesium 98304, B oxygen 98304, projected level 6125568
17:44:31 mk3 FED calcium (12288 L expected), 5 s
17:45:57 mk3 DONE calcium: made 12288 of 12288 L, 13 s
17:45:57 mk3 QUEUE #2 calcium (repeat): 768 runs (12288 L), A molten.magnesium 98304, B oxygen 98304, projected level 6137856
17:52:08 mk3 FED calcium (12288 L expected), 5 s
17:53:38 mk3 DONE calcium: made 12288 of 12288 L, 13 s
17:53:38 mk3 QUEUE #2 calcium (repeat): 768 runs (12288 L), A molten.magnesium 98304, B oxygen 98304, projected level 6150144
18:00:14 mk3 FED calcium (12288 L expected), 5 s
18:01:44 mk3 DONE calcium: made 12288 of 12288 L, 13 s
18:01:44 mk3 QUEUE #2 calcium (repeat): 768 runs (12288 L), A molten.magnesium 98304, B oxygen 98304, projected level 6162432
18:08:31 mk3 FED calcium (12288 L expected), 6 s
18:08:45 mk3 DONE calcium: made 12288 of 12288 L, 12 s
18:08:45 mk3 QUEUE #2 calcium (repeat): 768 runs (12288 L), A molten.magnesium 98304, B oxygen 98304, projected level 6174720
18:14:56 mk3 FED calcium (12288 L expected), 5 s
18:16:26 mk3 DONE calcium: made 12288 of 12288 L, 12 s
18:16:26 mk3 QUEUE #2 calcium (repeat): 768 runs (12288 L), A molten.magnesium 98304, B oxygen 98304, projected level 6187008
18:23:13 mk3 FED calcium (12288 L expected), 6 s
18:24:39 mk3 DONE calcium: made 12288 of 12288 L, 13 s
18:24:39 mk3 QUEUE #2 calcium (repeat): 768 runs (12288 L), A molten.magnesium 98304, B oxygen 98304, projected level 6199296
18:30:50 mk3 FED calcium (12288 L expected), 5 s
18:32:20 mk3 DONE calcium: made 12288 of 12288 L, 13 s
18:32:20 mk3 QUEUE #2 nickel (switch): 8320 runs (1198080 L), A molten.potassium 133120, B fluorine 1198080, projected level 1008
18:39:32 mk3 DONE calcium: made 12288 of 12288 L, 12 s
18:39:39 mk2 QUEUE #1 calcium (switch): 1152 runs (18432 L), A molten.magnesium 147456, B oxygen 147456, projected level 6211584
18:39:46 mk3 SWITCH to nickel: previous done, EU full (640M)
18:40:33 mk2 SWITCH to calcium: previous done, EU full (320M)
18:53:16 mk2 FED calcium (18432 L expected), 11 s
18:54:14 mk3 EU SPIKE -284M (now 355M of 640M) during nickel [start from idle (gap): expected]
18:54:21 mk2 EU SPIKE -70M (now 249M of 320M) during calcium [start from idle (gap): expected]
18:54:21 mk2 QUEUE #2 calcium (repeat): 512 runs (8192 L), A molten.magnesium 65536, B oxygen 65536, projected level 6230016
19:01:19 mk3 FED nickel (1198080 L expected), 24 s
19:02:20 mk3 QUEUE #2 nickel (repeat): 256 runs (36864 L), A molten.potassium 4096, B fluorine 36864, projected level 1199088
19:07:37 mk2 FED calcium (8192 L expected), 11 s
19:11:20 mk3 FED nickel (36864 L expected), 7 s
19:29:38 mk2 DONE calcium: made 18432 of 18432 L, 42 s
19:29:38 mk2 QUEUE #2 calcium (repeat): 512 runs (8192 L), A molten.magnesium 65536, B oxygen 65536, projected level 6238208
19:35:38 mk2 FED calcium (8192 L expected), 5 s
19:44:34 mk2 DONE calcium: made 8192 of 8192 L, 42 s
19:44:34 mk2 QUEUE #2 calcium (repeat): 512 runs (8192 L), A molten.magnesium 65536, B oxygen 65536, projected level 6246400
19:50:49 mk2 FED calcium (8192 L expected), 5 s
20:00:46 mk2 DONE calcium: made 8192 of 8192 L, 26 s
20:00:46 mk2 QUEUE #2 calcium (repeat): 512 runs (8192 L), A molten.magnesium 65536, B oxygen 65536, projected level 6254592
20:07:01 mk2 FED calcium (8192 L expected), 5 s
20:15:43 mk2 DONE calcium: made 8192 of 8192 L, 26 s
20:15:43 mk2 QUEUE #2 calcium (repeat): 512 runs (8192 L), A molten.magnesium 65536, B oxygen 65536, projected level 6262784
20:21:54 mk2 FED calcium (8192 L expected), 5 s
20:30:43 mk2 DONE calcium: made 8192 of 8192 L, 25 s
20:30:43 mk2 QUEUE #2 calcium (repeat): 512 runs (8192 L), A molten.magnesium 65536, B oxygen 65536, projected level 6270976
20:36:54 mk2 FED calcium (8192 L expected), 5 s
20:46:55 mk2 DONE calcium: made 8192 of 8192 L, 26 s
20:46:55 mk2 QUEUE #2 calcium (repeat): 512 runs (8192 L), A molten.magnesium 65536, B oxygen 65536, projected level 6279168
20:53:06 mk2 FED calcium (8192 L expected), 5 s
20:59:16 mk3 DONE nickel: made 1198080 of 1198080 L, 122 s
20:59:16 mk3 QUEUE #2 nickel (repeat): 256 runs (36864 L), A molten.potassium 4096, B fluorine 36864, projected level 1235952
21:01:55 mk2 DONE calcium: made 8192 of 8192 L, 26 s
21:01:55 mk2 QUEUE #2 calcium (repeat): 512 runs (8192 L), A molten.magnesium 65536, B oxygen 65536, projected level 6287360
21:03:03 mk3 DONE nickel: made 36864 of 36864 L, 100 s
21:04:44 mk3 SWITCH to nickel: previous done, EU full (640M)
21:08:45 mk3 FED nickel (36864 L expected), 8 s
21:09:50 mk3 QUEUE #2 nickel (repeat): 256 runs (36864 L), A molten.potassium 4096, B fluorine 36864, projected level 1272816
21:12:21 mk2 FED calcium (8192 L expected), 9 s
21:16:40 mk3 FED nickel (36864 L expected), 6 s
21:16:51 mk3 DONE nickel: made 36864 of 36864 L, 15 s
21:16:51 mk3 QUEUE #2 nickel (repeat): 256 runs (36864 L), A molten.potassium 4096, B fluorine 36864, projected level 1309680
21:16:58 mk2 DONE calcium: made 8192 of 8192 L, 25 s
21:16:58 mk2 QUEUE #2 calcium (repeat): 512 runs (8192 L), A molten.magnesium 65536, B oxygen 65536, projected level 6295552
21:24:50 mk3 DONE nickel: made 36864 of 36864 L, 12 s
21:26:38 mk3 FED nickel (36864 L expected), 8 s
21:27:18 mk2 FED calcium (8192 L expected), 9 s
21:27:36 mk3 QUEUE #2 nickel (repeat): 256 runs (36864 L), A molten.potassium 4096, B fluorine 36864, projected level 1346544
21:33:00 mk2 DONE calcium: made 8192 of 8192 L, 26 s
21:33:00 mk2 QUEUE #2 calcium (repeat): 512 runs (8192 L), A molten.magnesium 65536, B oxygen 65536, projected level 6303744
21:34:30 mk3 FED nickel (36864 L expected), 6 s
21:35:34 mk3 DONE nickel: made 36864 of 36864 L, 16 s
21:35:34 mk3 QUEUE #2 nickel (repeat): 256 runs (36864 L), A molten.potassium 4096, B fluorine 36864, projected level 1383408
21:38:20 mk3 DONE nickel: made 36864 of 36864 L, 9 s
21:41:13 mk3 SWITCH to nickel: previous done, EU full (640M)
21:43:33 mk2 FED calcium (8192 L expected), 9 s
21:44:38 mk3 FED nickel (36864 L expected), 8 s
21:45:00 mk3 QUEUE #2 nickel (repeat): 256 runs (36864 L), A molten.potassium 4096, B fluorine 36864, projected level 1420272
21:49:12 mk2 DONE calcium: made 8192 of 8192 L, 27 s
21:49:12 mk2 QUEUE #2 calcium (repeat): 512 runs (8192 L), A molten.magnesium 65536, B oxygen 65536, projected level 6311936
21:52:33 mk3 DONE nickel: made 36864 of 36864 L, 14 s
21:52:58 mk3 FED nickel (36864 L expected), 7 s
21:53:45 mk3 QUEUE #2 nickel (repeat): 256 runs (36864 L), A molten.potassium 4096, B fluorine 36864, projected level 1457136
21:56:34 mk3 DONE nickel: made 36864 of 36864 L, 10 s
21:58:37 mk3 SWITCH to nickel: previous done, EU full (640M)
21:59:24 mk2 FED calcium (8192 L expected), 8 s
22:01:58 mk3 FED nickel (36864 L expected), 7 s
22:02:09 mk3 QUEUE #2 nickel (repeat): 256 runs (36864 L), A molten.potassium 4096, B fluorine 36864, projected level 1494000
22:04:19 mk2 DONE calcium: made 8192 of 8192 L, 26 s
22:04:19 mk2 QUEUE #2 calcium (repeat): 512 runs (8192 L), A molten.magnesium 65536, B oxygen 65536, projected level 6320128
22:10:55 mk3 DONE nickel: made 36864 of 36864 L, 14 s
22:11:09 mk3 FED nickel (36864 L expected), 7 s
22:12:14 mk3 QUEUE #2 nickel (repeat): 256 runs (36864 L), A molten.potassium 4096, B fluorine 36864, projected level 1530864
22:14:45 mk2 FED calcium (8192 L expected), 9 s
22:14:56 mk3 DONE nickel: made 36864 of 36864 L, 11 s
22:15:50 mk3 SWITCH to nickel: previous done, EU full (640M)
22:19:04 mk3 FED nickel (36864 L expected), 6 s
22:19:15 mk3 QUEUE #2 nickel (repeat): 256 runs (36864 L), A molten.potassium 4096, B fluorine 36864, projected level 1567728
22:19:22 mk2 DONE calcium: made 8192 of 8192 L, 25 s
22:19:22 mk2 QUEUE #2 calcium (repeat): 512 runs (8192 L), A molten.magnesium 65536, B oxygen 65536, projected level 6328320
22:24:25 mk3 EU SPIKE -189M (now 450M of 640M) during nickel [start from idle (gap): expected]
22:28:48 mk3 DONE nickel: made 36864 of 36864 L, 14 s
22:29:02 mk3 FED nickel (36864 L expected), 8 s
22:29:42 mk2 FED calcium (8192 L expected), 9 s
22:30:00 mk3 QUEUE #2 nickel (repeat): 256 runs (36864 L), A molten.potassium 4096, B fluorine 36864, projected level 1604592
22:32:09 mk3 DONE nickel: made 36864 of 36864 L, 11 s
22:33:07 mk3 SWITCH to nickel: previous done, EU full (640M)
22:34:08 mk2 DONE calcium: made 8192 of 8192 L, 25 s
22:34:08 mk2 QUEUE #2 calcium (repeat): 512 runs (8192 L), A molten.magnesium 65536, B oxygen 65536, projected level 6336512
22:36:00 mk3 EU SPIKE -478M (now 162M of 640M) during nickel [start from idle (gap): expected]
22:37:58 mk3 FED nickel (36864 L expected), 7 s
22:38:52 mk3 QUEUE #2 nickel (repeat): 256 runs (36864 L), A molten.potassium 4096, B fluorine 36864, projected level 1641456
22:40:44 mk3 DONE nickel: made 36864 of 36864 L, 9 s
22:45:21 mk2 FED calcium (8192 L expected), 9 s
22:45:25 mk3 SWITCH to nickel: previous done, EU full (640M)
22:48:28 mk3 FED nickel (36864 L expected), 8 s
22:48:54 mk3 QUEUE #2 nickel (repeat): 256 runs (36864 L), A molten.potassium 4096, B fluorine 36864, projected level 1678320
22:49:01 mk2 DONE calcium: made 8192 of 8192 L, 25 s
22:49:01 mk2 QUEUE #2 calcium (repeat): 512 runs (8192 L), A molten.magnesium 65536, B oxygen 65536, projected level 6344704
22:54:07 mk3 EU SPIKE -381M (now 258M of 640M) during nickel [start from idle (gap): expected]
22:58:30 mk3 DONE nickel: made 36864 of 36864 L, 16 s
22:58:44 mk3 FED nickel (36864 L expected), 8 s
22:59:24 mk2 FED calcium (8192 L expected), 9 s
22:59:42 mk3 QUEUE #2 nickel (repeat): 256 runs (36864 L), A molten.potassium 4096, B fluorine 36864, projected level 1715184
23:03:43 mk3 DONE nickel: made 36864 of 36864 L, 12 s
23:05:06 mk2 DONE calcium: made 8192 of 8192 L, 26 s
23:05:06 mk2 QUEUE #2 calcium (repeat): 512 runs (8192 L), A molten.magnesium 65536, B oxygen 65536, projected level 6352896
23:06:21 mk3 EU SPIKE -187M (now 452M of 640M) during nickel [start from idle (gap): expected]
23:06:36 mk3 FED nickel (36864 L expected), 6 s
23:07:40 mk3 QUEUE #2 nickel (repeat): 256 runs (36864 L), A molten.potassium 4096, B fluorine 36864, projected level 1752048
23:10:26 mk3 DONE nickel: made 36864 of 36864 L, 9 s
23:13:19 mk3 SWITCH to nickel: previous done, EU full (640M)
23:15:32 mk2 FED calcium (8192 L expected), 9 s
23:16:44 mk3 FED nickel (36864 L expected), 8 s
23:16:55 mk3 QUEUE #2 nickel (repeat): 256 runs (36864 L), A molten.potassium 4096, B fluorine 36864, projected level 1788912
23:20:56 mk2 DONE calcium: made 8192 of 8192 L, 26 s
23:20:56 mk2 QUEUE #2 calcium (repeat): 512 runs (8192 L), A molten.magnesium 65536, B oxygen 65536, projected level 6361088
23:22:55 mk3 DONE nickel: made 36864 of 36864 L, 13 s
23:24:21 mk3 EU SPIKE -187M (now 452M of 640M) during nickel [start from idle (gap): expected]
23:24:36 mk3 FED nickel (36864 L expected), 6 s
23:25:33 mk3 QUEUE #2 nickel (repeat): 256 runs (36864 L), A molten.potassium 4096, B fluorine 36864, projected level 1825776
23:29:31 mk3 DONE nickel: made 36864 of 36864 L, 10 s
23:30:54 mk3 SWITCH to nickel: previous done, EU full (640M)
23:31:40 mk2 FED calcium (8192 L expected), 9 s
23:33:46 mk3 FED nickel (36864 L expected), 7 s
23:34:01 mk3 QUEUE #2 nickel (repeat): 256 runs (36864 L), A molten.potassium 4096, B fluorine 36864, projected level 1862640
23:36:03 mk3 EU SPIKE -429M (now 210M of 640M) during nickel [start from idle (gap): expected]
23:36:10 mk2 DONE calcium: made 8192 of 8192 L, 26 s
23:36:10 mk2 QUEUE #2 calcium (repeat): 512 runs (8192 L), A molten.magnesium 65536, B oxygen 65536, projected level 6369280
23:41:20 mk3 DONE nickel: made 36864 of 36864 L, 13 s
23:42:57 mk3 FED nickel (36864 L expected), 7 s
23:44:02 mk3 QUEUE #2 nickel (repeat): 256 runs (36864 L), A molten.potassium 4096, B fluorine 36864, projected level 1899504
23:46:33 mk2 FED calcium (8192 L expected), 9 s
23:46:44 mk3 DONE nickel: made 36864 of 36864 L, 10 s
23:47:38 mk3 SWITCH to nickel: previous done, EU full (640M)
23:50:52 mk3 FED nickel (36864 L expected), 6 s
23:51:03 mk3 QUEUE #2 nickel (repeat): 256 runs (36864 L), A molten.potassium 4096, B fluorine 36864, projected level 1936368
23:51:10 mk2 DONE calcium: made 8192 of 8192 L, 25 s
23:51:10 mk2 QUEUE #2 calcium (repeat): 512 runs (8192 L), A molten.magnesium 65536, B oxygen 65536, projected level 6377472
23:59:02 mk3 DONE nickel: made 36864 of 36864 L, 12 s
00:00:50 mk3 FED nickel (36864 L expected), 8 s
00:01:30 mk2 FED calcium (8192 L expected), 9 s
00:01:48 mk3 QUEUE #2 nickel (repeat): 256 runs (36864 L), A molten.potassium 4096, B fluorine 36864, projected level 1973232
00:05:49 mk3 DONE nickel: made 36864 of 36864 L, 12 s
00:07:12 mk2 DONE calcium: made 8192 of 8192 L, 26 s
00:07:12 mk2 QUEUE #2 calcium (repeat): 512 runs (8192 L), A molten.magnesium 65536, B oxygen 65536, projected level 6385664
00:08:42 mk3 FED nickel (36864 L expected), 6 s
00:09:46 mk3 QUEUE #2 nickel (repeat): 256 runs (36864 L), A molten.potassium 4096, B fluorine 36864, projected level 2010096
00:16:30 mk3 DONE nickel: made 36864 of 36864 L, 12 s
00:17:38 mk2 FED calcium (8192 L expected), 9 s
00:18:50 mk3 FED nickel (36864 L expected), 8 s
00:19:01 mk3 QUEUE #2 nickel (repeat): 256 runs (36864 L), A molten.potassium 4096, B fluorine 36864, projected level 2046960
00:21:10 mk2 DONE calcium: made 8192 of 8192 L, 25 s
00:21:10 mk2 QUEUE #2 calcium (repeat): 512 runs (8192 L), A molten.magnesium 65536, B oxygen 65536, projected level 6393856
00:27:57 mk3 FED nickel (36864 L expected), 7 s
00:29:02 mk3 DONE nickel: made 36864 of 36864 L, 16 s
00:29:02 mk3 QUEUE #2 nickel (repeat): 256 runs (36864 L), A molten.potassium 4096, B fluorine 36864, projected level 2083824
00:31:26 mk2 FED calcium (8192 L expected), 8 s
00:33:32 mk3 DONE nickel: made 36864 of 36864 L, 12 s
00:35:42 mk3 FED nickel (36864 L expected), 6 s
00:36:00 mk3 EU SPIKE -478M (now 162M of 640M) during nickel [start from idle (gap): expected]
00:36:00 mk3 QUEUE #2 nickel (repeat): 256 runs (36864 L), A molten.potassium 4096, B fluorine 36864, projected level 2120688
00:38:13 mk2 DONE calcium: made 8192 of 8192 L, 26 s
00:38:13 mk2 QUEUE #2 calcium (repeat): 512 runs (8192 L), A molten.magnesium 65536, B oxygen 65536, projected level 6402048
00:40:51 mk3 DONE nickel: made 36864 of 36864 L, 10 s
00:41:02 mk3 SWITCH to nickel: previous done, EU full (640M)
00:45:03 mk3 FED nickel (36864 L expected), 8 s
00:46:08 mk3 QUEUE #2 nickel (repeat): 256 runs (36864 L), A molten.potassium 4096, B fluorine 36864, projected level 2157552
00:48:39 mk2 FED calcium (8192 L expected), 9 s
00:52:58 mk3 FED nickel (36864 L expected), 6 s
00:53:09 mk3 DONE nickel: made 36864 of 36864 L, 14 s
00:53:09 mk3 QUEUE #2 nickel (repeat): 256 runs (36864 L), A molten.potassium 4096, B fluorine 36864, projected level 2194416
00:53:16 mk2 DONE calcium: made 8192 of 8192 L, 27 s
00:53:16 mk2 QUEUE #2 calcium (repeat): 512 runs (8192 L), A molten.magnesium 65536, B oxygen 65536, projected level 6410240
00:58:19 mk3 DONE nickel: made 36864 of 36864 L, 10 s
00:58:30 mk3 SWITCH to nickel: previous done, EU full (640M)
01:02:56 mk3 FED nickel (36864 L expected), 8 s
01:03:36 mk2 FED calcium (8192 L expected), 9 s
01:03:54 mk3 QUEUE #2 nickel (repeat): 256 runs (36864 L), A molten.potassium 4096, B fluorine 36864, projected level 2231280
01:06:03 mk3 EU SPIKE -429M (now 210M of 640M) during nickel [start from idle (gap): expected]
01:08:02 mk2 DONE calcium: made 8192 of 8192 L, 25 s
01:08:02 mk2 QUEUE #2 calcium (repeat): 512 runs (8192 L), A molten.magnesium 65536, B oxygen 65536, projected level 6418432
01:11:27 mk3 DONE nickel: made 36864 of 36864 L, 15 s
01:11:42 mk3 FED nickel (36864 L expected), 6 s
01:12:39 mk3 QUEUE #2 nickel (repeat): 256 runs (36864 L), A molten.potassium 4096, B fluorine 36864, projected level 2268144
01:14:27 mk3 DONE nickel: made 36864 of 36864 L, 9 s
01:20:20 mk2 FED calcium (8192 L expected), 10 s
01:20:24 mk3 SWITCH to nickel: previous done, EU full (640M)
01:22:40 mk2 DONE calcium: made 8192 of 8192 L, 24 s
01:22:40 mk2 QUEUE #2 calcium (repeat): 512 runs (8192 L), A molten.magnesium 65536, B oxygen 65536, projected level 6426624
01:24:10 mk3 FED nickel (36864 L expected), 10 s
01:25:15 mk3 QUEUE #2 nickel (repeat): 256 runs (36864 L), A molten.potassium 4096, B fluorine 36864, projected level 2305008
01:29:13 mk3 DONE nickel: made 36864 of 36864 L, 14 s
01:30:43 mk3 SWITCH to nickel: previous done, EU full (640M)
01:33:03 mk2 FED calcium (8192 L expected), 9 s
01:34:04 mk3 FED nickel (36864 L expected), 7 s
01:34:30 mk3 QUEUE #2 nickel (repeat): 256 runs (36864 L), A molten.potassium 4096, B fluorine 36864, projected level 2341872
01:38:38 mk2 DONE calcium: made 8192 of 8192 L, 25 s
01:38:38 mk2 QUEUE #2 calcium (repeat): 512 runs (8192 L), A molten.magnesium 65536, B oxygen 65536, projected level 6434816
01:40:30 mk3 DONE nickel: made 36864 of 36864 L, 13 s
01:42:03 mk3 EU SPIKE -429M (now 210M of 640M) during nickel [start from idle (gap): expected]
01:42:18 mk3 FED nickel (36864 L expected), 6 s
01:43:15 mk3 QUEUE #2 nickel (repeat): 256 runs (36864 L), A molten.potassium 4096, B fluorine 36864, projected level 2378736
01:47:24 mk3 DONE nickel: made 36864 of 36864 L, 11 s
01:50:56 mk2 FED calcium (8192 L expected), 10 s
01:51:00 mk3 SWITCH to nickel: previous done, EU full (640M)
01:53:16 mk2 DONE calcium: made 8192 of 8192 L, 25 s
01:53:16 mk2 QUEUE #2 calcium (repeat): 512 runs (8192 L), A molten.magnesium 65536, B oxygen 65536, projected level 6443008
01:54:25 mk3 EU SPIKE -187M (now 452M of 640M) during nickel [start from idle (gap): expected]
01:54:46 mk3 FED nickel (36864 L expected), 10 s
01:55:51 mk3 QUEUE #2 nickel (repeat): 256 runs (36864 L), A molten.potassium 4096, B fluorine 36864, projected level 2415600
01:58:26 mk3 DONE nickel: made 36864 of 36864 L, 13 s
02:01:19 mk3 SWITCH to nickel: previous done, EU full (640M)
02:03:39 mk2 FED calcium (8192 L expected), 9 s
02:04:40 mk3 FED nickel (36864 L expected), 7 s
02:05:06 mk3 QUEUE #2 nickel (repeat): 256 runs (36864 L), A molten.potassium 4096, B fluorine 36864, projected level 2452464
02:09:14 mk2 DONE calcium: made 8192 of 8192 L, 25 s
02:09:14 mk2 QUEUE #2 calcium (repeat): 512 runs (8192 L), A molten.magnesium 65536, B oxygen 65536, projected level 6451200
02:11:06 mk3 DONE nickel: made 36864 of 36864 L, 13 s
02:12:54 mk3 FED nickel (36864 L expected), 6 s
02:13:51 mk3 QUEUE #2 nickel (repeat): 256 runs (36864 L), A molten.potassium 4096, B fluorine 36864, projected level 2489328
02:18:00 mk3 DONE nickel: made 36864 of 36864 L, 11 s
02:21:32 mk2 FED calcium (8192 L expected), 10 s
02:21:36 mk3 SWITCH to nickel: previous done, EU full (640M)
02:24:36 mk3 FED nickel (36864 L expected), 9 s
02:24:57 mk3 QUEUE #2 nickel (repeat): 256 runs (36864 L), A molten.potassium 4096, B fluorine 36864, projected level 2526192
02:25:04 mk2 DONE calcium: made 8192 of 8192 L, 26 s
02:25:04 mk2 QUEUE #2 calcium (repeat): 512 runs (8192 L), A molten.magnesium 65536, B oxygen 65536, projected level 6459392
02:30:07 mk3 EU SPIKE -381M (now 258M of 640M) during nickel [start from idle (gap): expected]
02:34:30 mk3 DONE nickel: made 36864 of 36864 L, 17 s
02:34:44 mk3 FED nickel (36864 L expected), 8 s
02:35:24 mk2 FED calcium (8192 L expected), 9 s
02:35:42 mk3 QUEUE #2 nickel (repeat): 256 runs (36864 L), A molten.potassium 4096, B fluorine 36864, projected level 2563056
02:37:51 mk3 DONE nickel: made 36864 of 36864 L, 11 s
02:38:49 mk3 SWITCH to nickel: previous done, EU full (640M)
02:39:50 mk2 DONE calcium: made 8192 of 8192 L, 25 s
02:39:50 mk2 QUEUE #2 calcium (repeat): 512 runs (8192 L), A molten.magnesium 65536, B oxygen 65536, projected level 6467584
02:43:30 mk3 FED nickel (36864 L expected), 6 s
02:44:27 mk3 QUEUE #2 nickel (repeat): 256 runs (36864 L), A molten.potassium 4096, B fluorine 36864, projected level 2599920
02:48:36 mk3 DONE nickel: made 36864 of 36864 L, 11 s
02:52:08 mk2 FED calcium (8192 L expected), 10 s
02:52:12 mk3 SWITCH to nickel: previous done, EU full (640M)
02:55:12 mk3 FED nickel (36864 L expected), 9 s
02:55:33 mk3 QUEUE #2 nickel (repeat): 256 runs (36864 L), A molten.potassium 4096, B fluorine 36864, projected level 2636784
02:55:40 mk2 DONE calcium: made 8192 of 8192 L, 25 s
02:55:40 mk2 QUEUE #2 calcium (repeat): 512 runs (8192 L), A molten.magnesium 65536, B oxygen 65536, projected level 6475776
03:05:06 mk3 DONE nickel: made 36864 of 36864 L, 17 s
03:05:20 mk3 FED nickel (36864 L expected), 8 s
03:06:00 mk2 FED calcium (8192 L expected), 9 s
03:06:21 mk3 QUEUE #2 nickel (repeat): 256 runs (36864 L), A molten.potassium 4096, B fluorine 36864, projected level 2673648
03:08:31 mk3 DONE nickel: made 36864 of 36864 L, 11 s
03:09:32 mk3 SWITCH to nickel: previous done, EU full (640M)
03:10:33 mk2 DONE calcium: made 8192 of 8192 L, 26 s
03:10:33 mk2 QUEUE #2 calcium (repeat): 512 runs (8192 L), A molten.magnesium 65536, B oxygen 65536, projected level 6483968
03:14:16 mk3 FED nickel (36864 L expected), 7 s
03:15:10 mk3 QUEUE #2 nickel (repeat): 256 runs (36864 L), A molten.potassium 4096, B fluorine 36864, projected level 2710512
03:21:39 mk2 FED calcium (8192 L expected), 9 s
03:22:37 mk3 DONE nickel: made 36864 of 36864 L, 13 s
03:24:46 mk3 FED nickel (36864 L expected), 8 s
03:25:12 mk3 QUEUE #2 nickel (repeat): 256 runs (36864 L), A molten.potassium 4096, B fluorine 36864, projected level 2747376
03:25:19 mk2 DONE calcium: made 8192 of 8192 L, 25 s
03:25:19 mk2 QUEUE #2 calcium (repeat): 512 runs (8192 L), A molten.magnesium 65536, B oxygen 65536, projected level 6492160
03:30:25 mk3 EU SPIKE -189M (now 450M of 640M) during nickel [start from idle (gap): expected]
03:34:48 mk3 DONE nickel: made 36864 of 36864 L, 16 s
03:35:02 mk3 FED nickel (36864 L expected), 8 s
03:35:42 mk2 FED calcium (8192 L expected), 9 s
03:36:00 mk3 QUEUE #2 nickel (repeat): 256 runs (36864 L), A molten.potassium 4096, B fluorine 36864, projected level 2784240
03:38:09 mk3 DONE nickel: made 36864 of 36864 L, 11 s
03:39:07 mk3 SWITCH to nickel: previous done, EU full (640M)
03:41:24 mk2 DONE calcium: made 8192 of 8192 L, 26 s
03:41:24 mk2 QUEUE #2 calcium (repeat): 512 runs (8192 L), A molten.magnesium 65536, B oxygen 65536, projected level 6500352
03:42:54 mk3 FED nickel (36864 L expected), 6 s
03:43:58 mk3 QUEUE #2 nickel (repeat): 256 runs (36864 L), A molten.potassium 4096, B fluorine 36864, projected level 2821104
03:46:44 mk3 DONE nickel: made 36864 of 36864 L, 9 s
03:49:37 mk3 SWITCH to nickel: previous done, EU full (640M)
03:51:50 mk2 FED calcium (8192 L expected), 9 s
03:53:02 mk3 FED nickel (36864 L expected), 8 s
03:53:13 mk3 QUEUE #2 nickel (repeat): 256 runs (36864 L), A molten.potassium 4096, B fluorine 36864, projected level 2857968
03:57:14 mk2 DONE calcium: made 8192 of 8192 L, 26 s
03:57:14 mk2 QUEUE #2 calcium (repeat): 512 runs (8192 L), A molten.magnesium 65536, B oxygen 65536, projected level 6508544
03:59:13 mk3 DONE nickel: made 36864 of 36864 L, 13 s
04:00:54 mk3 FED nickel (36864 L expected), 6 s
04:01:51 mk3 QUEUE #2 nickel (repeat): 256 runs (36864 L), A molten.potassium 4096, B fluorine 36864, projected level 2894832
04:05:49 mk3 DONE nickel: made 36864 of 36864 L, 10 s
04:07:12 mk3 SWITCH to nickel: previous done, EU full (640M)
04:07:58 mk2 FED calcium (8192 L expected), 9 s
04:10:04 mk3 FED nickel (36864 L expected), 7 s
04:10:19 mk3 QUEUE #2 nickel (repeat): 256 runs (36864 L), A molten.potassium 4096, B fluorine 36864, projected level 2931696
04:12:21 mk3 EU SPIKE -187M (now 452M of 640M) during nickel [start from idle (gap): expected]
04:12:28 mk2 DONE calcium: made 8192 of 8192 L, 26 s
04:12:28 mk2 QUEUE #2 calcium (repeat): 512 runs (8192 L), A molten.magnesium 65536, B oxygen 65536, projected level 6516736
04:16:19 mk3 DONE nickel: made 36864 of 36864 L, 12 s
04:19:15 mk3 FED nickel (36864 L expected), 7 s
04:20:20 mk3 QUEUE #2 nickel (repeat): 256 runs (36864 L), A molten.potassium 4096, B fluorine 36864, projected level 2968560
04:22:51 mk2 FED calcium (8192 L expected), 9 s
04:27:10 mk3 FED nickel (36864 L expected), 6 s
04:27:28 mk2 DONE calcium: made 8192 of 8192 L, 25 s
04:27:28 mk2 QUEUE #2 calcium (repeat): 512 runs (8192 L), A molten.magnesium 65536, B oxygen 65536, projected level 6524928
04:29:24 mk3 DONE nickel: made 36864 of 36864 L, 16 s
04:29:24 mk3 QUEUE #2 nickel (repeat): 256 runs (36864 L), A molten.potassium 4096, B fluorine 36864, projected level 3005424
04:32:09 mk3 DONE nickel: made 36864 of 36864 L, 10 s
04:35:02 mk3 SWITCH to nickel: previous done, EU full (640M)
04:37:15 mk2 FED calcium (8192 L expected), 8 s
04:38:16 mk3 FED nickel (36864 L expected), 7 s
04:38:42 mk3 QUEUE #2 nickel (repeat): 256 runs (36864 L), A molten.potassium 4096, B fluorine 36864, projected level 3042288
04:42:50 mk2 DONE calcium: made 8192 of 8192 L, 25 s
04:42:50 mk2 QUEUE #2 calcium (repeat): 512 runs (8192 L), A molten.magnesium 65536, B oxygen 65536, projected level 6533120
04:46:15 mk3 DONE nickel: made 36864 of 36864 L, 14 s
04:46:30 mk3 FED nickel (36864 L expected), 6 s
04:47:27 mk3 QUEUE #2 nickel (repeat): 256 runs (36864 L), A molten.potassium 4096, B fluorine 36864, projected level 3079152
04:51:25 mk3 DONE nickel: made 36864 of 36864 L, 10 s
04:52:48 mk3 SWITCH to nickel: previous done, EU full (640M)
04:53:34 mk2 FED calcium (8192 L expected), 9 s
04:55:40 mk3 FED nickel (36864 L expected), 7 s
04:55:55 mk3 QUEUE #2 nickel (repeat): 256 runs (36864 L), A molten.potassium 4096, B fluorine 36864, projected level 3116016
04:58:04 mk2 DONE calcium: made 8192 of 8192 L, 25 s
04:58:04 mk2 QUEUE #2 calcium (repeat): 512 runs (8192 L), A molten.magnesium 65536, B oxygen 65536, projected level 6541312
05:04:37 mk3 DONE nickel: made 36864 of 36864 L, 14 s
05:04:51 mk3 FED nickel (36864 L expected), 7 s
05:05:56 mk3 QUEUE #2 nickel (repeat): 256 runs (36864 L), A molten.potassium 4096, B fluorine 36864, projected level 3152880
05:08:27 mk2 FED calcium (8192 L expected), 9 s
05:08:38 mk3 DONE nickel: made 36864 of 36864 L, 10 s
05:09:32 mk3 SWITCH to nickel: previous done, EU full (640M)
05:12:46 mk3 FED nickel (36864 L expected), 6 s
05:12:57 mk3 QUEUE #2 nickel (repeat): 256 runs (36864 L), A molten.potassium 4096, B fluorine 36864, projected level 3189744
05:13:04 mk2 DONE calcium: made 8192 of 8192 L, 25 s
05:13:04 mk2 QUEUE #2 calcium (repeat): 512 runs (8192 L), A molten.magnesium 65536, B oxygen 65536, projected level 6549504
05:18:07 mk3 EU SPIKE -381M (now 258M of 640M) during nickel [start from idle (gap): expected]
05:22:30 mk3 DONE nickel: made 36864 of 36864 L, 14 s
05:22:44 mk3 FED nickel (36864 L expected), 8 s
05:23:24 mk2 FED calcium (8192 L expected), 9 s
05:23:42 mk3 QUEUE #2 nickel (repeat): 256 runs (36864 L), A molten.potassium 4096, B fluorine 36864, projected level 3226608
05:27:43 mk3 DONE nickel: made 36864 of 36864 L, 12 s
05:29:06 mk2 DONE calcium: made 8192 of 8192 L, 26 s
05:29:06 mk2 QUEUE #2 calcium (repeat): 512 runs (8192 L), A molten.magnesium 65536, B oxygen 65536, projected level 6557696
05:30:21 mk3 EU SPIKE -187M (now 452M of 640M) during nickel [start from idle (gap): expected]
05:30:36 mk3 FED nickel (36864 L expected), 6 s
05:31:40 mk3 QUEUE #2 nickel (repeat): 256 runs (36864 L), A molten.potassium 4096, B fluorine 36864, projected level 3263472
05:34:26 mk3 DONE nickel: made 36864 of 36864 L, 9 s
05:37:19 mk3 SWITCH to nickel: previous done, EU full (640M)
05:39:32 mk2 FED calcium (8192 L expected), 9 s
05:40:44 mk3 FED nickel (36864 L expected), 8 s
05:40:55 mk3 QUEUE #2 nickel (repeat): 256 runs (36864 L), A molten.potassium 4096, B fluorine 36864, projected level 3300336
05:44:56 mk2 DONE calcium: made 8192 of 8192 L, 26 s
05:44:56 mk2 QUEUE #2 calcium (repeat): 512 runs (8192 L), A molten.magnesium 65536, B oxygen 65536, projected level 6565888
05:46:55 mk3 DONE nickel: made 36864 of 36864 L, 13 s
05:48:25 mk3 EU SPIKE -189M (now 450M of 640M) during nickel [start from idle (gap): expected]
05:48:46 mk3 FED nickel (36864 L expected), 6 s
05:49:40 mk3 QUEUE #2 nickel (repeat): 256 runs (36864 L), A molten.potassium 4096, B fluorine 36864, projected level 3337200
05:53:42 mk3 DONE nickel: made 36864 of 36864 L, 11 s
05:55:04 mk3 SWITCH to nickel: previous done, EU full (640M)
05:55:51 mk2 FED calcium (8192 L expected), 9 s
05:57:54 mk3 FED nickel (36864 L expected), 7 s
05:58:12 mk3 QUEUE #2 nickel (repeat): 256 runs (36864 L), A molten.potassium 4096, B fluorine 36864, projected level 3374064
06:00:18 mk3 EU SPIKE -236M (now 403M of 640M) during nickel [start from idle (gap): expected]
06:00:25 mk2 DONE calcium: made 8192 of 8192 L, 26 s
06:00:25 mk2 QUEUE #2 calcium (repeat): 512 runs (8192 L), A molten.magnesium 65536, B oxygen 65536, projected level 6574080
06:05:38 mk3 DONE nickel: made 36864 of 36864 L, 13 s
06:07:15 mk3 FED nickel (36864 L expected), 8 s
06:08:20 mk3 QUEUE #2 nickel (repeat): 256 runs (36864 L), A molten.potassium 4096, B fluorine 36864, projected level 3410928
06:10:51 mk2 FED calcium (8192 L expected), 9 s
06:15:10 mk3 FED nickel (36864 L expected), 6 s
06:15:28 mk2 DONE calcium: made 8192 of 8192 L, 25 s
06:15:28 mk2 QUEUE #2 calcium (repeat): 512 runs (8192 L), A molten.magnesium 65536, B oxygen 65536, projected level 6582272
06:17:24 mk3 DONE nickel: made 36864 of 36864 L, 16 s
06:17:24 mk3 QUEUE #2 nickel (repeat): 256 runs (36864 L), A molten.potassium 4096, B fluorine 36864, projected level 3447792
06:20:09 mk3 DONE nickel: made 36864 of 36864 L, 10 s
06:23:02 mk3 SWITCH to nickel: previous done, EU full (640M)
06:25:15 mk2 FED calcium (8192 L expected), 8 s
06:26:16 mk3 FED nickel (36864 L expected), 7 s
06:26:42 mk3 QUEUE #2 nickel (repeat): 256 runs (36864 L), A molten.potassium 4096, B fluorine 36864, projected level 3484656
06:30:50 mk2 DONE calcium: made 8192 of 8192 L, 25 s
06:30:50 mk2 QUEUE #2 calcium (repeat): 512 runs (8192 L), A molten.magnesium 65536, B oxygen 65536, projected level 6590464
06:34:15 mk3 DONE nickel: made 36864 of 36864 L, 14 s
06:34:30 mk3 FED nickel (36864 L expected), 6 s
06:35:27 mk3 QUEUE #2 nickel (repeat): 256 runs (36864 L), A molten.potassium 4096, B fluorine 36864, projected level 3521520
06:39:25 mk3 DONE nickel: made 36864 of 36864 L, 10 s
06:40:48 mk3 SWITCH to nickel: previous done, EU full (640M)
06:41:34 mk2 FED calcium (8192 L expected), 9 s
06:43:40 mk3 FED nickel (36864 L expected), 7 s
06:43:55 mk3 QUEUE #2 nickel (repeat): 256 runs (36864 L), A molten.potassium 4096, B fluorine 36864, projected level 3558384
06:46:04 mk2 DONE calcium: made 8192 of 8192 L, 25 s
06:46:04 mk2 QUEUE #2 calcium (repeat): 512 runs (8192 L), A molten.magnesium 65536, B oxygen 65536, projected level 6598656
06:52:37 mk3 DONE nickel: made 36864 of 36864 L, 14 s
06:52:51 mk3 FED nickel (36864 L expected), 7 s
06:53:56 mk3 QUEUE #2 nickel (repeat): 256 runs (36864 L), A molten.potassium 4096, B fluorine 36864, projected level 3595248
06:56:27 mk2 FED calcium (8192 L expected), 9 s
06:56:38 mk3 DONE nickel: made 36864 of 36864 L, 10 s
06:57:32 mk3 SWITCH to nickel: previous done, EU full (640M)
07:00:46 mk3 FED nickel (36864 L expected), 6 s
07:00:57 mk3 QUEUE #2 nickel (repeat): 256 runs (36864 L), A molten.potassium 4096, B fluorine 36864, projected level 3632112
07:01:04 mk2 DONE calcium: made 8192 of 8192 L, 25 s
07:01:04 mk2 QUEUE #2 calcium (repeat): 512 runs (8192 L), A molten.magnesium 65536, B oxygen 65536, projected level 6606848
07:06:07 mk3 EU SPIKE -381M (now 258M of 640M) during nickel [start from idle (gap): expected]
07:10:30 mk3 DONE nickel: made 36864 of 36864 L, 14 s
07:10:44 mk3 FED nickel (36864 L expected), 8 s
07:11:24 mk2 FED calcium (8192 L expected), 9 s
07:11:42 mk3 QUEUE #2 nickel (repeat): 256 runs (36864 L), A molten.potassium 4096, B fluorine 36864, projected level 3668976
07:15:43 mk3 DONE nickel: made 36864 of 36864 L, 12 s
07:15:50 mk2 DONE calcium: made 8192 of 8192 L, 25 s
07:15:50 mk2 QUEUE #2 calcium (repeat): 512 runs (8192 L), A molten.magnesium 65536, B oxygen 65536, projected level 6615040
07:19:30 mk3 FED nickel (36864 L expected), 6 s
07:20:27 mk3 QUEUE #2 nickel (repeat): 256 runs (36864 L), A molten.potassium 4096, B fluorine 36864, projected level 3705840
07:24:36 mk3 DONE nickel: made 36864 of 36864 L, 11 s
07:28:08 mk2 FED calcium (8192 L expected), 10 s
07:28:12 mk3 SWITCH to nickel: previous done, EU full (640M)
07:31:12 mk3 FED nickel (36864 L expected), 9 s
07:31:33 mk3 QUEUE #2 nickel (repeat): 256 runs (36864 L), A molten.potassium 4096, B fluorine 36864, projected level 3742704
07:31:40 mk2 DONE calcium: made 8192 of 8192 L, 25 s
07:31:40 mk2 QUEUE #2 calcium (repeat): 512 runs (8192 L), A molten.magnesium 65536, B oxygen 65536, projected level 6623232
07:41:06 mk3 DONE nickel: made 36864 of 36864 L, 17 s
07:41:20 mk3 FED nickel (36864 L expected), 8 s
07:42:00 mk2 FED calcium (8192 L expected), 9 s
07:42:18 mk3 QUEUE #2 nickel (repeat): 256 runs (36864 L), A molten.potassium 4096, B fluorine 36864, projected level 3779568
07:44:27 mk3 DONE nickel: made 36864 of 36864 L, 11 s
07:45:25 mk3 SWITCH to nickel: previous done, EU full (640M)
07:47:42 mk2 DONE calcium: made 8192 of 8192 L, 26 s
07:47:42 mk2 QUEUE #2 calcium (repeat): 512 runs (8192 L), A molten.magnesium 65536, B oxygen 65536, projected level 6631424
07:49:12 mk3 FED nickel (36864 L expected), 6 s
07:50:16 mk3 QUEUE #2 nickel (repeat): 256 runs (36864 L), A molten.potassium 4096, B fluorine 36864, projected level 3816432
07:54:18 mk3 EU SPIKE -236M (now 403M of 640M) during nickel [start from idle (gap): expected]
07:58:08 mk2 FED calcium (8192 L expected), 9 s
07:58:19 mk3 DONE nickel: made 36864 of 36864 L, 13 s
07:59:20 mk3 FED nickel (36864 L expected), 8 s
07:59:31 mk3 QUEUE #2 nickel (repeat): 256 runs (36864 L), A molten.potassium 4096, B fluorine 36864, projected level 3853296
08:01:40 mk2 DONE calcium: made 8192 of 8192 L, 25 s
08:01:40 mk2 QUEUE #2 calcium (repeat): 512 runs (8192 L), A molten.magnesium 65536, B oxygen 65536, projected level 6639616
08:05:31 mk3 DONE nickel: made 36864 of 36864 L, 13 s
08:08:27 mk3 FED nickel (36864 L expected), 7 s
08:09:32 mk3 QUEUE #2 nickel (repeat): 256 runs (36864 L), A molten.potassium 4096, B fluorine 36864, projected level 3890160
08:11:56 mk2 FED calcium (8192 L expected), 8 s
08:12:07 mk3 EU SPIKE -381M (now 258M of 640M) during nickel [start from idle (gap): expected]
08:16:12 mk3 FED nickel (36864 L expected), 6 s
08:16:30 mk3 DONE nickel: made 36864 of 36864 L, 14 s
08:16:30 mk3 QUEUE #2 nickel (repeat): 256 runs (36864 L), A molten.potassium 4096, B fluorine 36864, projected level 3927024
08:18:43 mk2 DONE calcium: made 8192 of 8192 L, 26 s
08:18:43 mk2 QUEUE #2 calcium (repeat): 512 runs (8192 L), A molten.magnesium 65536, B oxygen 65536, projected level 6647808
08:21:21 mk3 DONE nickel: made 36864 of 36864 L, 10 s
08:21:32 mk3 SWITCH to nickel: previous done, EU full (640M)
08:25:33 mk3 FED nickel (36864 L expected), 8 s
08:26:38 mk3 QUEUE #2 nickel (repeat): 256 runs (36864 L), A molten.potassium 4096, B fluorine 36864, projected level 3963888
08:29:09 mk2 FED calcium (8192 L expected), 9 s
08:33:28 mk3 FED nickel (36864 L expected), 6 s
08:33:46 mk2 DONE calcium: made 8192 of 8192 L, 27 s
08:33:46 mk2 QUEUE #2 calcium (repeat): 512 runs (8192 L), A molten.magnesium 65536, B oxygen 65536, projected level 6656000
08:35:42 mk3 DONE nickel: made 36864 of 36864 L, 16 s
08:35:42 mk3 QUEUE #2 nickel (repeat): 256 runs (36864 L), A molten.potassium 4096, B fluorine 36864, projected level 4000752
08:38:27 mk3 DONE nickel: made 36864 of 36864 L, 10 s
08:41:20 mk3 SWITCH to nickel: previous done, EU full (640M)
08:43:33 mk2 FED calcium (8192 L expected), 8 s
08:44:34 mk3 FED nickel (36864 L expected), 7 s
08:45:00 mk3 QUEUE #2 nickel (repeat): 256 runs (36864 L), A molten.potassium 4096, B fluorine 36864, projected level 4037616
08:49:08 mk2 DONE calcium: made 8192 of 8192 L, 25 s
08:49:08 mk2 QUEUE #2 calcium (repeat): 512 runs (8192 L), A molten.magnesium 65536, B oxygen 65536, projected level 6664192
08:52:33 mk3 DONE nickel: made 36864 of 36864 L, 14 s
08:52:48 mk3 FED nickel (36864 L expected), 6 s
08:53:45 mk3 QUEUE #2 nickel (repeat): 256 runs (36864 L), A molten.potassium 4096, B fluorine 36864, projected level 4074480
08:57:43 mk3 DONE nickel: made 36864 of 36864 L, 10 s
08:59:06 mk3 SWITCH to nickel: previous done, EU full (640M)
08:59:52 mk2 FED calcium (8192 L expected), 9 s
09:01:58 mk3 FED nickel (36864 L expected), 7 s
09:02:13 mk3 QUEUE #2 nickel (repeat): 256 runs (36864 L), A molten.potassium 4096, B fluorine 36864, projected level 4111344
09:04:22 mk2 DONE calcium: made 8192 of 8192 L, 25 s
09:04:22 mk2 QUEUE #2 calcium (repeat): 512 runs (8192 L), A molten.magnesium 65536, B oxygen 65536, projected level 6672384
09:10:55 mk3 DONE nickel: made 36864 of 36864 L, 14 s
09:11:09 mk3 FED nickel (36864 L expected), 7 s
09:12:14 mk3 QUEUE #2 nickel (repeat): 256 runs (36864 L), A molten.potassium 4096, B fluorine 36864, projected level 4148208
09:14:45 mk2 FED calcium (8192 L expected), 9 s
09:14:56 mk3 DONE nickel: made 36864 of 36864 L, 10 s
09:15:50 mk3 SWITCH to nickel: previous done, EU full (640M)
09:19:04 mk3 FED nickel (36864 L expected), 6 s
09:19:15 mk3 QUEUE #2 nickel (repeat): 256 runs (36864 L), A molten.potassium 4096, B fluorine 36864, projected level 4185072
09:19:22 mk2 DONE calcium: made 8192 of 8192 L, 25 s
09:19:22 mk2 QUEUE #2 calcium (repeat): 512 runs (8192 L), A molten.magnesium 65536, B oxygen 65536, projected level 6680576
09:28:30 mk3 DONE nickel: made 36864 of 36864 L, 13 s
09:29:27 mk3 FED nickel (36864 L expected), 8 s
09:29:42 mk3 QUEUE #2 nickel (repeat): 256 runs (36864 L), A molten.potassium 4096, B fluorine 36864, projected level 4221936
09:30:39 mk2 FED calcium (8192 L expected), 9 s
09:33:50 mk2 DONE calcium: made 8192 of 8192 L, 24 s
09:33:50 mk2 QUEUE #2 calcium (repeat): 512 runs (8192 L), A molten.magnesium 65536, B oxygen 65536, projected level 6688768
09:35:42 mk3 DONE nickel: made 36864 of 36864 L, 14 s
09:37:30 mk3 FED nickel (36864 L expected), 6 s
09:38:27 mk3 QUEUE #2 nickel (repeat): 256 runs (36864 L), A molten.potassium 4096, B fluorine 36864, projected level 4258800
09:42:25 mk3 DONE nickel: made 36864 of 36864 L, 10 s
09:43:48 mk3 SWITCH to nickel: previous done, EU full (640M)
09:44:34 mk2 FED calcium (8192 L expected), 9 s
09:46:40 mk3 FED nickel (36864 L expected), 7 s
09:46:55 mk3 QUEUE #2 nickel (repeat): 256 runs (36864 L), A molten.potassium 4096, B fluorine 36864, projected level 4295664
09:50:16 mk2 DONE calcium: made 8192 of 8192 L, 26 s
09:50:16 mk2 QUEUE #2 calcium (repeat): 512 runs (8192 L), A molten.magnesium 65536, B oxygen 65536, projected level 6696960
09:54:07 mk3 EU SPIKE -380M (now 258M of 640M) during nickel [start from idle (gap): expected]
09:54:07 mk3 DONE nickel: made 36864 of 36864 L, 13 s
09:55:04 mk3 FED nickel (36864 L expected), 7 s
09:55:19 mk3 QUEUE #2 nickel (repeat): 256 runs (36864 L), A molten.potassium 4096, B fluorine 36864, projected level 4332528
09:59:42 mk3 DONE nickel: made 36864 of 36864 L, 11 s
10:00:10 mk3 SWITCH to nickel: previous done, EU full (640M)
10:00:57 mk2 FED calcium (8192 L expected), 9 s
10:03:28 mk3 FED nickel (36864 L expected), 7 s
10:03:39 mk3 QUEUE #2 nickel (repeat): 256 runs (36864 L), A molten.potassium 4096, B fluorine 36864, projected level 4369392
10:05:49 mk2 DONE calcium: made 8192 of 8192 L, 27 s
10:05:49 mk2 QUEUE #2 calcium (repeat): 512 runs (8192 L), A molten.magnesium 65536, B oxygen 65536, projected level 6705152
10:11:02 mk3 DONE nickel: made 36864 of 36864 L, 13 s
10:12:25 mk3 EU SPIKE -189M (now 450M of 640M) during nickel [start from idle (gap): expected]
10:12:39 mk3 FED nickel (36864 L expected), 7 s
10:13:44 mk3 QUEUE #2 nickel (repeat): 256 runs (36864 L), A molten.potassium 4096, B fluorine 36864, projected level 4406256
10:16:15 mk2 FED calcium (8192 L expected), 9 s
10:16:26 mk3 DONE nickel: made 36864 of 36864 L, 11 s
10:17:20 mk3 SWITCH to nickel: previous done, EU full (640M)
10:20:34 mk3 FED nickel (36864 L expected), 6 s
10:20:45 mk3 QUEUE #2 nickel (repeat): 256 runs (36864 L), A molten.potassium 4096, B fluorine 36864, projected level 4443120
10:20:52 mk2 DONE calcium: made 8192 of 8192 L, 25 s
10:20:52 mk2 QUEUE #2 calcium (repeat): 512 runs (8192 L), A molten.magnesium 65536, B oxygen 65536, projected level 6713344
10:28:44 mk3 DONE nickel: made 36864 of 36864 L, 12 s
10:30:18 mk3 EU SPIKE -236M (now 403M of 640M) during nickel [start from idle (gap): expected]
10:30:32 mk3 FED nickel (36864 L expected), 8 s
10:31:12 mk2 FED calcium (8192 L expected), 9 s
10:31:30 mk3 QUEUE #2 nickel (repeat): 256 runs (36864 L), A molten.potassium 4096, B fluorine 36864, projected level 4479984
10:35:31 mk3 DONE nickel: made 36864 of 36864 L, 12 s
10:35:38 mk2 DONE calcium: made 8192 of 8192 L, 25 s
10:35:38 mk2 QUEUE #2 calcium (repeat): 512 runs (8192 L), A molten.magnesium 65536, B oxygen 65536, projected level 6721536
10:39:18 mk3 FED nickel (36864 L expected), 6 s
10:40:15 mk3 QUEUE #2 nickel (repeat): 256 runs (36864 L), A molten.potassium 4096, B fluorine 36864, projected level 4516848
10:42:03 mk3 EU SPIKE -429M (now 210M of 640M) during nickel [start from idle (gap): expected]
10:47:31 mk3 DONE nickel: made 36864 of 36864 L, 13 s
10:47:56 mk2 FED calcium (8192 L expected), 10 s
10:48:00 mk3 SWITCH to nickel: previous done, EU full (640M)
10:51:00 mk3 FED nickel (36864 L expected), 9 s
10:51:21 mk3 QUEUE #2 nickel (repeat): 256 runs (36864 L), A molten.potassium 4096, B fluorine 36864, projected level 4553712
10:51:28 mk2 DONE calcium: made 8192 of 8192 L, 25 s
10:51:28 mk2 QUEUE #2 calcium (repeat): 512 runs (8192 L), A molten.magnesium 65536, B oxygen 65536, projected level 6729728
10:59:20 mk3 DONE nickel: made 36864 of 36864 L, 16 s
11:01:08 mk3 FED nickel (36864 L expected), 8 s
11:01:48 mk2 FED calcium (8192 L expected), 9 s
11:02:06 mk3 QUEUE #2 nickel (repeat): 256 runs (36864 L), A molten.potassium 4096, B fluorine 36864, projected level 4590576
11:06:07 mk3 DONE nickel: made 36864 of 36864 L, 12 s
11:06:14 mk2 DONE calcium: made 8192 of 8192 L, 25 s
11:06:14 mk2 QUEUE #2 calcium (repeat): 512 runs (8192 L), A molten.magnesium 65536, B oxygen 65536, projected level 6737920
11:09:54 mk3 FED nickel (36864 L expected), 6 s
11:10:51 mk3 QUEUE #2 nickel (repeat): 256 runs (36864 L), A molten.potassium 4096, B fluorine 36864, projected level 4627440
11:16:33 mk3 STOPPED with nickel queued: left A 0 B 0, fed=true (resumes on next start)
11:16:33 mk3 STOPPED with nickel queued: left A 0 B 36864, fed=false (resumes on next start)
11:16:33 mk2 STOPPED with calcium queued: left A 0 B 0, fed=true (resumes on next start)
11:16:37 mk2 STOPPED with calcium queued: left A 0 B 0, fed=false (resumes on next start)
11:16:40 balancer v2 stopped: bad argument #1 (string expected, got nil)
balancer ended (1): returned
components then: computer=1 screen=1 filesystem=2 eeprom=1 internet=1 gpu=1
12:47:06 balancer v2 started
12:47:06 mk3 RESUME nickel: left A 0 B 0, fed=true
12:47:09 mk3 RESUME nickel: left A 0 B 36864, fed=false
12:47:09 mk2 RESUME calcium: left A 0 B 0, fed=true
12:47:09 mk2 RESUME calcium: left A 0 B 0, fed=false
13:03:28 mk3 FED nickel (36864 L expected), 14 s
13:03:32 mk2 FED calcium (8192 L expected), 14 s
13:09:10 mk3 DONE nickel: made 36864 of 36864 L, 18 s
13:09:10 mk3 QUEUE #2 nickel (repeat): 256 runs (36864 L), A molten.potassium 4096, B fluorine 36864, projected level 4682736
13:15:54 mk3 FED nickel (36864 L expected), 6 s
13:17:24 mk2 DONE calcium (idle 15 s, made 4096 of 8192 L), 25 s
13:17:24 mk2 QUEUE #2 calcium (repeat): 512 runs (8192 L), A molten.magnesium 65536, B oxygen 65536, projected level 6754304
13:18:28 mk3 EU SPIKE -141M (now 498M of 640M) during nickel [start from idle (gap): expected]
13:18:36 mk2 DONE calcium (idle 15 s, made 0 of 8192 L), 26 s
13:20:49 mk2 SWITCH to calcium: previous done, EU full (320M)
13:21:43 mk3 DONE nickel: made 36864 of 36864 L, 29 s
13:21:43 mk3 QUEUE #2 nickel (repeat): 256 runs (36864 L), A molten.potassium 4096, B fluorine 36864, projected level 4719600
13:26:52 mk2 FED calcium (8192 L expected), 8 s
13:27:10 mk2 QUEUE #2 calcium (repeat): 512 runs (8192 L), A molten.magnesium 65536, B oxygen 65536, projected level 6754304
13:30:07 mk2 EU SPIKE -92M (now 227M of 320M) during calcium [start from idle (gap): expected]
13:33:14 mk3 FED nickel (36864 L expected), 10 s
13:35:16 mk2 FED calcium (8192 L expected), 7 s
13:39:07 mk3 DONE nickel: made 36864 of 36864 L, 25 s
13:39:07 mk3 QUEUE #2 nickel (repeat): 256 runs (36864 L), A molten.potassium 4096, B fluorine 36864, projected level 4756464
13:45:28 mk3 FED nickel (36864 L expected), 5 s
13:45:46 mk2 DONE calcium: made 8192 of 8192 L, 24 s
13:45:46 mk2 QUEUE #2 calcium (repeat): 512 runs (8192 L), A molten.magnesium 65536, B oxygen 65536, projected level 6762496
13:50:52 mk3 DONE nickel: made 36864 of 36864 L, 24 s
13:50:52 mk3 QUEUE #2 nickel (repeat): 256 runs (36864 L), A molten.potassium 4096, B fluorine 36864, projected level 4793328
13:53:27 mk2 FED calcium (8192 L expected), 6 s
13:57:46 mk3 FED nickel (36864 L expected), 6 s
14:00:28 mk3 EU SPIKE -141M (now 498M of 640M) during nickel [start from idle (gap): expected]
14:01:48 mk2 DONE calcium: made 8192 of 8192 L, 29 s
14:01:48 mk2 QUEUE #2 calcium (repeat): 512 runs (8192 L), A molten.magnesium 65536, B oxygen 65536, projected level 6770688
14:03:46 mk3 DONE nickel: made 36864 of 36864 L, 20 s
14:03:46 mk3 QUEUE #2 nickel (repeat): 256 runs (36864 L), A molten.potassium 4096, B fluorine 36864, projected level 4830192
14:11:38 mk2 FED calcium (8192 L expected), 8 s
14:12:50 mk3 FED nickel (36864 L expected), 8 s
14:18:00 mk2 DONE calcium: made 8192 of 8192 L, 27 s
14:18:00 mk2 QUEUE #2 calcium (repeat): 512 runs (8192 L), A molten.magnesium 65536, B oxygen 65536, projected level 6778880
14:21:10 mk3 DONE nickel: made 36864 of 36864 L, 25 s
14:21:10 mk3 QUEUE #2 nickel (repeat): 256 runs (36864 L), A molten.potassium 4096, B fluorine 36864, projected level 4867056
14:27:21 mk2 FED calcium (8192 L expected), 8 s
14:29:24 mk3 FED nickel (36864 L expected), 7 s
14:32:13 mk2 DONE calcium: made 8192 of 8192 L, 25 s
14:32:13 mk2 QUEUE #2 calcium (repeat): 512 runs (8192 L), A molten.magnesium 65536, B oxygen 65536, projected level 6787072
14:34:15 mk3 DONE nickel: made 36864 of 36864 L, 25 s
14:34:15 mk3 QUEUE #2 nickel (repeat): 256 runs (36864 L), A molten.potassium 4096, B fluorine 36864, projected level 4903920
14:42:03 mk2 FED calcium (8192 L expected), 8 s
14:43:04 mk3 FED nickel (36864 L expected), 7 s
14:48:21 mk3 EU SPIKE -187M (now 452M of 640M) during nickel [start from idle (gap): expected]
14:48:28 mk2 DONE calcium: made 8192 of 8192 L, 25 s
14:48:28 mk2 QUEUE #2 calcium (repeat): 512 runs (8192 L), A molten.magnesium 65536, B oxygen 65536, projected level 6795264
14:50:24 mk3 DONE nickel: made 36864 of 36864 L, 24 s
14:50:24 mk3 QUEUE #2 nickel (repeat): 256 runs (36864 L), A molten.potassium 4096, B fluorine 36864, projected level 4940784
14:58:15 mk2 FED calcium (8192 L expected), 8 s
14:59:16 mk3 FED nickel (36864 L expected), 7 s
15:03:18 mk3 DONE nickel: made 36864 of 36864 L, 24 s
15:03:18 mk3 QUEUE #2 nickel (repeat): 256 runs (36864 L), A molten.potassium 4096, B fluorine 36864, projected level 4977648
15:03:25 mk2 DONE calcium: made 8192 of 8192 L, 26 s
15:03:25 mk2 QUEUE #2 calcium (repeat): 512 runs (8192 L), A molten.magnesium 65536, B oxygen 65536, projected level 6803456
15:24:32 mk3 STOPPED with nickel queued: left A 0 B 0, fed=true (resumes on next start)
15:24:32 mk3 STOPPED with nickel queued: left A 0 B 0, fed=false (resumes on next start)
15:24:32 mk2 STOPPED with calcium queued: left A 0 B 0, fed=true (resumes on next start)
15:24:32 mk2 STOPPED with calcium queued: left A 0 B 0, fed=false (resumes on next start)
15:24:36 balancer v2 stopped
15:35:45 balancer v2 started
15:35:49 mk3 RESUME nickel: left A 0 B 0, fed=true
15:35:49 mk3 RESUME nickel: left A 0 B 0, fed=false
15:35:49 mk2 RESUME calcium: left A 0 B 0, fed=true
15:35:49 mk2 RESUME calcium: left A 0 B 0, fed=false
15:51:57 mk3 FED nickel (36864 L expected), 13 s
15:52:01 mk2 FED calcium (8192 L expected), 13 s
15:52:58 mk2 DONE calcium: made 8192 of 8192 L, 14 s
15:52:58 mk2 QUEUE #2 boron (switch): 512 runs (73728 L), A plasma.helium 73728, B molten.lithium 73728, projected level 6798672
16:04:51 mk3 DONE nickel (idle 15 s, made 18432 of 36864 L), 24 s
16:04:51 mk3 QUEUE #2 nickel (repeat): 832 runs (119808 L), A molten.potassium 13312, B fluorine 119808, projected level 5032944
16:06:57 mk3 DONE nickel (idle 15 s, made 0 of 36864 L), 26 s
16:08:49 mk3 SWITCH to nickel: previous done, EU full (640M)
16:12:00 mk3 FED nickel (119808 L expected), 6 s
16:12:10 mk3 EU SPIKE -332M (now 307M of 640M) during nickel [start from idle (gap): expected]
16:12:10 mk3 QUEUE #2 nickel (repeat): 832 runs (119808 L), A molten.potassium 13312, B fluorine 119808, projected level 5115888
16:16:15 mk2 DONE calcium (idle 15 s, made 2048 of 8192 L), 34 s
16:17:13 mk2 SWITCH to boron: previous done, EU full (320M)
16:20:02 mk3 FED nickel (119808 L expected), 6 s
16:24:28 mk2 FED boron (73728 L expected), 26 s
16:24:46 mk2 QUEUE #2 boron (repeat): 512 runs (73728 L), A plasma.helium 73728, B molten.lithium 73728, projected level 6872400
16:26:42 mk3 DONE nickel: made 119808 of 119808 L, 18 s
16:26:42 mk3 QUEUE #2 nickel (repeat): 832 runs (119808 L), A molten.potassium 13312, B fluorine 119808, projected level 5235696
16:34:33 mk2 FED boron (73728 L expected), 8 s
16:35:34 mk3 FED nickel (119808 L expected), 7 s
16:38:24 mk3 DONE nickel: made 119808 of 119808 L, 22 s
16:38:24 mk3 QUEUE #2 nickel (repeat): 832 runs (119808 L), A molten.potassium 13312, B fluorine 119808, projected level 5355504
16:44:42 mk3 FED nickel (119808 L expected), 5 s
16:50:52 mk3 DONE nickel: made 119808 of 119808 L, 20 s
16:50:52 mk3 QUEUE #2 nickel (repeat): 832 runs (119808 L), A molten.potassium 13312, B fluorine 119808, projected level 5475312
16:57:36 mk3 FED nickel (119808 L expected), 6 s
16:59:13 mk2 DONE boron: made 73728 of 73728 L, 55 s
16:59:13 mk2 QUEUE #2 calcium (switch): 1152 runs (18432 L), A molten.magnesium 147456, B oxygen 147456, projected level 6811648
17:02:42 mk3 DONE nickel: made 119808 of 119808 L, 20 s
17:02:42 mk3 QUEUE #2 nickel (repeat): 832 runs (119808 L), A molten.potassium 13312, B fluorine 119808, projected level 5595120
17:08:52 mk3 FED nickel (119808 L expected), 5 s
17:15:18 mk3 DONE nickel: made 119808 of 119808 L, 20 s
17:15:18 mk3 QUEUE #2 nickel (repeat): 832 runs (119808 L), A molten.potassium 13312, B fluorine 119808, projected level 5714928
17:21:36 mk3 FED nickel (119808 L expected), 5 s
17:27:46 mk3 DONE nickel: made 119808 of 119808 L, 21 s
17:27:46 mk3 QUEUE #2 nickel (repeat): 832 runs (119808 L), A molten.potassium 13312, B fluorine 119808, projected level 5834736
17:29:06 mk2 DONE boron: made 73728 of 73728 L, 54 s
17:30:14 mk2 SWITCH to calcium: previous done, EU full (320M)
17:38:02 mk3 FED nickel (119808 L expected), 8 s
17:38:42 mk2 FED calcium (18432 L expected), 33 s
17:39:00 mk2 QUEUE #2 calcium (repeat): 512 runs (8192 L), A molten.magnesium 65536, B oxygen 65536, projected level 6830080
17:40:58 mk3 DONE nickel: made 119808 of 119808 L, 21 s
17:40:58 mk3 QUEUE #2 nickel (repeat): 832 runs (119808 L), A molten.potassium 13312, B fluorine 119808, projected level 5954544
17:42:25 mk2 EU SPIKE -58M (now 261M of 320M) during calcium [start from idle (gap): expected]
17:48:50 mk2 FED calcium (8192 L expected), 8 s
17:50:27 mk3 FED nickel (119808 L expected), 8 s
17:53:20 mk3 DONE nickel: made 119808 of 119808 L, 21 s
17:53:20 mk3 QUEUE #2 nickel (repeat): 832 runs (119808 L), A molten.potassium 13312, B fluorine 119808, projected level 6074352
18:00:28 mk3 FED nickel (119808 L expected), 6 s
18:05:42 mk3 DONE nickel: made 119808 of 119808 L, 20 s
18:05:42 mk3 QUEUE #2 nickel (repeat): 832 runs (119808 L), A molten.potassium 13312, B fluorine 119808, projected level 6194160
18:12:00 mk3 FED nickel (119808 L expected), 5 s
18:17:06 mk3 DONE nickel: made 119808 of 119808 L, 20 s
18:17:06 mk3 QUEUE #2 nickel (repeat): 832 runs (119808 L), A molten.potassium 13312, B fluorine 119808, projected level 6313968
18:19:19 mk2 DONE calcium: made 18432 of 18432 L, 67 s
18:19:19 mk2 QUEUE #2 calcium (repeat): 512 runs (8192 L), A molten.magnesium 65536, B oxygen 65536, projected level 6838272
18:26:09 mk3 FED nickel (119808 L expected), 8 s
18:28:04 mk2 FED calcium (8192 L expected), 7 s
18:29:42 mk3 DONE nickel: made 119808 of 119808 L, 20 s
18:29:42 mk3 QUEUE #2 nickel (repeat): 832 runs (119808 L), A molten.potassium 13312, B fluorine 119808, projected level 6433776
18:33:50 mk2 DONE calcium: made 8192 of 8192 L, 46 s
18:33:50 mk2 QUEUE #2 calcium (repeat): 512 runs (8192 L), A molten.magnesium 65536, B oxygen 65536, projected level 6846464
18:37:30 mk3 FED nickel (119808 L expected), 6 s
18:41:34 mk2 FED calcium (8192 L expected), 6 s
18:42:57 mk3 DONE nickel: made 119808 of 119808 L, 21 s
18:42:57 mk3 QUEUE #2 nickel (repeat): 832 runs (119808 L), A molten.potassium 13312, B fluorine 119808, projected level 6553584
18:48:18 mk2 DONE calcium: made 8192 of 8192 L, 24 s
18:48:18 mk2 QUEUE #2 calcium (repeat): 512 runs (8192 L), A molten.magnesium 65536, B oxygen 65536, projected level 6854656
18:49:51 mk3 FED nickel (119808 L expected), 6 s
18:55:04 mk2 FED calcium (8192 L expected), 6 s
18:55:15 mk3 DONE nickel: made 119808 of 119808 L, 21 s
18:55:15 mk3 QUEUE #2 nickel (repeat): 832 runs (119808 L), A molten.potassium 13312, B fluorine 119808, projected level 6673392
19:01:22 mk3 FED nickel (119808 L expected), 5 s
19:04:19 mk2 DONE calcium: made 8192 of 8192 L, 25 s
19:04:19 mk2 QUEUE #2 calcium (repeat): 512 runs (8192 L), A molten.magnesium 65536, B oxygen 65536, projected level 6862848
19:08:13 mk3 DONE nickel: made 119808 of 119808 L, 21 s
19:08:13 mk3 QUEUE #2 nickel (repeat): 832 runs (119808 L), A molten.potassium 13312, B fluorine 119808, projected level 6793200
19:13:22 mk2 FED calcium (8192 L expected), 8 s
19:17:06 mk3 FED nickel (119808 L expected), 7 s
19:19:48 mk3 DONE nickel: made 119808 of 119808 L, 20 s
19:19:48 mk3 QUEUE #2 nickel (repeat): 832 runs (119808 L), A molten.potassium 13312, B fluorine 119808, projected level 6913008
19:19:55 mk2 DONE calcium: made 8192 of 8192 L, 26 s
19:19:55 mk2 QUEUE #2 calcium (repeat): 512 runs (8192 L), A molten.magnesium 65536, B oxygen 65536, projected level 6871040
19:31:22 mk3 FED nickel (119808 L expected), 10 s
19:31:51 mk2 FED calcium (8192 L expected), 10 s
19:32:49 mk3 DONE nickel: made 119808 of 119808 L, 20 s
19:32:49 mk3 QUEUE #2 nickel (repeat): 832 runs (119808 L), A molten.potassium 13312, B fluorine 119808, projected level 7032816
19:35:13 mk2 DONE calcium: made 8192 of 8192 L, 26 s
19:35:13 mk2 QUEUE #2 calcium (repeat): 512 runs (8192 L), A molten.magnesium 65536, B oxygen 65536, projected level 6879232
19:42:43 mk3 FED nickel (119808 L expected), 8 s
19:44:52 mk2 FED calcium (8192 L expected), 8 s
19:45:03 mk3 DONE nickel: made 119808 of 119808 L, 21 s
19:45:03 mk3 QUEUE #2 nickel (repeat): 832 runs (119808 L), A molten.potassium 13312, B fluorine 119808, projected level 7152624
19:49:26 mk2 DONE calcium: made 8192 of 8192 L, 24 s
19:49:26 mk2 QUEUE #2 calcium (repeat): 512 runs (8192 L), A molten.magnesium 65536, B oxygen 65536, projected level 6887424
19:53:27 mk3 FED nickel (119808 L expected), 7 s
19:57:36 mk2 FED calcium (8192 L expected), 7 s
19:57:54 mk3 DONE nickel: made 119808 of 119808 L, 21 s
19:57:54 mk3 QUEUE #2 nickel (repeat): 832 runs (119808 L), A molten.potassium 13312, B fluorine 119808, projected level 7272432
20:04:58 mk3 FED nickel (119808 L expected), 6 s
20:05:16 mk2 DONE calcium: made 8192 of 8192 L, 25 s
20:05:16 mk2 QUEUE #2 calcium (repeat): 512 runs (8192 L), A molten.magnesium 65536, B oxygen 65536, projected level 6895616
20:10:37 mk3 DONE nickel: made 119808 of 119808 L, 21 s
20:10:37 mk3 QUEUE #2 nickel (repeat): 832 runs (119808 L), A molten.potassium 13312, B fluorine 119808, projected level 7392240
20:13:30 mk2 FED calcium (8192 L expected), 7 s
20:18:10 mk3 FED nickel (119808 L expected), 6 s
20:21:00 mk2 DONE calcium: made 8192 of 8192 L, 26 s
20:21:00 mk2 QUEUE #2 calcium (repeat): 512 runs (8192 L), A molten.magnesium 65536, B oxygen 65536, projected level 6903808
20:23:13 mk3 DONE nickel: made 119808 of 119808 L, 21 s
20:23:13 mk3 QUEUE #2 nickel (repeat): 832 runs (119808 L), A molten.potassium 13312, B fluorine 119808, projected level 7512048
20:32:13 mk2 FED calcium (8192 L expected), 9 s
20:33:54 mk3 FED nickel (119808 L expected), 9 s
20:34:51 mk3 DONE nickel: made 119808 of 119808 L, 20 s
20:34:51 mk3 QUEUE #2 nickel (repeat): 832 runs (119808 L), A molten.potassium 13312, B fluorine 119808, projected level 7631856
20:37:15 mk2 DONE calcium: made 8192 of 8192 L, 27 s
20:37:15 mk2 QUEUE #2 calcium (repeat): 512 runs (8192 L), A molten.magnesium 65536, B oxygen 65536, projected level 6912000
20:44:38 mk3 FED nickel (119808 L expected), 8 s
20:46:48 mk2 FED calcium (8192 L expected), 8 s
20:48:10 mk3 DONE nickel: made 119808 of 119808 L, 21 s
20:48:10 mk3 QUEUE #2 nickel (repeat): 832 runs (119808 L), A molten.potassium 13312, B fluorine 119808, projected level 7751664
20:52:37 mk2 DONE calcium: made 8192 of 8192 L, 26 s
20:52:37 mk2 QUEUE #2 calcium (repeat): 512 runs (8192 L), A molten.magnesium 65536, B oxygen 65536, projected level 6920192
20:56:34 mk3 FED nickel (119808 L expected), 7 s
20:59:45 mk3 DONE nickel: made 119808 of 119808 L, 21 s
20:59:45 mk3 QUEUE #2 nickel (repeat): 832 runs (119808 L), A molten.potassium 13312, B fluorine 119808, projected level 7871472
21:02:16 mk2 FED calcium (8192 L expected), 8 s
